// Jest Snapshot v1, https://goo.gl/fbAQLP

exports[`<LocaleToggle /> should match the snapshot 1`] = `
<div>
  <select
    class="Select-sc-15n6sxn-0 btfomW"
  >
    <option
      value="en"
    >
      EN
    </option>
  </select>
</div>
`;
