// Jest Snapshot v1, https://goo.gl/fbAQLP

exports[`<CurrencyToggle /> should match the snapshot 1`] = `
<div
  class="SelectWrapper-ftlc34-0 eDeigd"
>
  <select
    class="Select-fhpbt0-0 cgpFOs"
  />
  <div
    class="Arrow-sc-172g500-0 jcSFyu"
  />
</div>
`;
